---
source: src/parsing/typeset.rs
expression: got.to_string()
---
type Name = String ;
