---
source: src/parsing/typeset.rs
expression: got.to_string()
---
type Height = f32 ;
