---
source: crates/oapigen/src/parsing/typeset.rs
expression: got.to_string()
---
use serde::{Deserialize, Serialize};
#[derive(Debug, Deserialize, Serialize)]
struct Height(f32);
