---
source: crates/oapigen/src/parsing/typeset.rs
expression: got.to_string()
---
struct Age (i32) ;
