---
source: crates/zst_constants/tests/integration_tests.rs
expression: json_output
---
"{\n  \"data\": true,\n  \"more_data\": \"some important data\"\n}"
