---
source: tests/integration_tests.rs
expression: json_output
---
"{\n  \"api_version\": \"v2\",\n  \"data\": \"some important data\"\n}"
