---
source: crates/oapigen/tests/one_route_date_test.rs
expression: got.to_string()
---
use jiff::Timestamp;
struct DateDateResponse200(Timestamp);
