---
source: crates/oapigen/tests/one_route_date_test.rs
expression: got.to_string()
---
use chrono::{DateTime, Utc};
use serde::{Deserialize, Serialize};
///The requested date
#[derive(Debug, Deserialize, Serialize)]
struct GetDateResponse200(DateTime<Utc>);
