---
source: crates/oapigen/tests/one_route_int_test.rs
expression: got.to_string()
---
struct ListAllWidgetsResponse200(i32);
