---
source: crates/oapigen/src/models/schema.rs
expression: formatted_parsed_schema
---
"use chrono :: DateTime \n type time = DateTime ;"
